domain,url,online,ssl_provider,country
nitter.privacydev.net,https://nitter.privacydev.net,true,Let's Encrypt,ğŸ‡«ğŸ‡·
nitter.adminforge.de,https://nitter.adminforge.de,true,Let's Encrypt,ğŸ‡©ğŸ‡ª
bird.habedieeh.re,https://bird.habedieeh.re,true,Let's Encrypt,ğŸ‡¨ğŸ‡¦
nitter.platypush.tech,https://nitter.platypush.tech,false,Let's Encrypt,ğŸ‡©ğŸ‡ª
nitter.us.projectsegfau.lt,https://nitter.us.projectsegfau.lt,true,Let's Encrypt,ğŸ‡ºğŸ‡¸
singapore.unofficialbird.com,https://singapore.unofficialbird.com,true,Let's Encrypt,ğŸ‡¸ğŸ‡¬
nitter.smnz.de,https://nitter.smnz.de,false,Let's Encrypt,ğŸ‡©ğŸ‡ª
nitter.one,https://nitter.one,true,Let's Encrypt,ğŸ‡¸ğŸ‡ª
nitter.fediflix.org,https://nitter.fediflix.org,true,Let's Encrypt,ğŸ‡©ğŸ‡ª
tweet.lambda.dance,https://tweet.lambda.dance,true,Let's Encrypt,ğŸ‡ºğŸ‡¸
nitter.mint.lgbt,https://nitter.mint.lgbt,true,Let's Encrypt,ğŸ‡¬ğŸ‡§
nitter.poast.org,https://nitter.poast.org,true,Let's Encrypt,ğŸ‡ºğŸ‡¸
n.sneed.network,https://n.sneed.network,true,Cloudflare,ğŸ‡¦ğŸ‡º
nitter.inpt.fr,https://nitter.inpt.fr,true,Let's Encrypt,ğŸ‡«ğŸ‡·
unofficialbird.com,https://unofficialbird.com,true,ZeroSSL,ğŸ‡ºğŸ‡¸
nederland.unofficialbird.com,https://nederland.unofficialbird.com,true,Let's Encrypt,ğŸ‡³ğŸ‡±
nitter.twei.space,https://nitter.twei.space,true,Let's Encrypt,ğŸ‡¦ğŸ‡¹
nitter.rawbit.ninja,https://nitter.rawbit.ninja,true,Cloudflare,ğŸ‡ºğŸ‡¸
nitter.bird.froth.zone,https://nitter.bird.froth.zone,true,Let's Encrypt,ğŸ‡¨ğŸ‡¦
twitter.moe.ngo,https://twitter.moe.ngo,true,Google Trust Services LLC,ğŸ‡®ğŸ‡©
nitter.fdn.fr,https://nitter.fdn.fr,true,Let's Encrypt,ğŸ‡«ğŸ‡·
nitter.onthescent.xyz,https://nitter.onthescent.xyz,true,Let's Encrypt,ğŸ‡ºğŸ‡¸
uk.unofficialbird.com,https://uk.unofficialbird.com,true,Let's Encrypt,ğŸ‡¬ğŸ‡§
nitter.perennialte.ch,https://nitter.perennialte.ch,true,Google Trust Services LLC + Cloudflare,ğŸ‡¦ğŸ‡º
nitter.eu.projectsegfau.lt,https://nitter.eu.projectsegfau.lt,true,Let's Encrypt,ğŸ‡±ğŸ‡º
nitter.kylrth.com,https://nitter.kylrth.com,true,Let's Encrypt,ğŸ‡¨ğŸ‡¦
nitter.in.projectsegfau.lt,https://nitter.in.projectsegfau.lt,true,Let's Encrypt,ğŸ‡®ğŸ‡³
nitter.privacy.com.de,https://nitter.privacy.com.de,true,ZeroSSL,ğŸ‡©ğŸ‡ª
nitter.unixfox.eu,https://nitter.unixfox.eu,true,Buypass AS-983163327,ğŸ‡©ğŸ‡ª
nitter.dafriser.be,https://nitter.dafriser.be,true,Let's Encrypt,ğŸ‡©ğŸ‡ª
nt.vern.cc,https://nt.vern.cc,false,Let's Encrypt,ğŸ‡ºğŸ‡¸
nitter.io.lol,https://nitter.io.lol,true,Let's Encrypt,ğŸ‡ºğŸ‡¸
india.unofficialbird.com,https://india.unofficialbird.com,true,Let's Encrypt,ğŸ‡®ğŸ‡³
t.com.sb,https://t.com.sb,true,ZeroSSL,ğŸ‡ªğŸ‡ª
nitter.tux.pizza,https://nitter.tux.pizza,true,Let's Encrypt,ğŸ‡ºğŸ‡¸
nitter.weiler.rocks,https://nitter.weiler.rocks,true,Let's Encrypt,ğŸ‡©ğŸ‡ª
nitter.nicfab.eu,https://nitter.nicfab.eu,true,Let's Encrypt,ğŸ‡®ğŸ‡¹
nitter.tiekoetter.com,https://nitter.tiekoetter.com,true,Let's Encrypt,ğŸ‡©ğŸ‡ª
nitter.salastil.com,https://nitter.salastil.com,true,Let's Encrypt,ğŸ‡ºğŸ‡¸
nitter.esmailelbob.xyz,https://nitter.esmailelbob.xyz,true,Let's Encrypt,ğŸ‡¨ğŸ‡¦
nitter.freedit.eu,https://nitter.freedit.eu,true,Let's Encrypt,ğŸ‡ºğŸ‡¸
nitter.sethforprivacy.com,https://nitter.sethforprivacy.com,true,Let's Encrypt,ğŸ‡©ğŸ‡ª
nitter.kavin.rocks,https://nitter.kavin.rocks,true,Let's Encrypt,ğŸ‡®ğŸ‡³
nitter.services.woodland.cafe,https://nitter.services.woodland.cafe,true,Let's Encrypt,ğŸ‡©ğŸ‡ª
nitter.hostux.net,https://nitter.hostux.net,true,Let's Encrypt,ğŸ‡«ğŸ‡·
nitter.1d4.us,https://nitter.1d4.us,true,Let's Encrypt,ğŸ‡ºğŸ‡¸
nitter.cz,https://nitter.cz,true,Let's Encrypt,ğŸ‡¨ğŸ‡¿
nitter.nl,https://nitter.nl,true,Let's Encrypt,ğŸ‡³ğŸ‡±
nitter.altgr.xyz,https://nitter.altgr.xyz,true,Cloudflare,ğŸ‡¨ğŸ‡±
nitter.x86-64-unknown-linux-gnu.zip,https://nitter.x86-64-unknown-linux-gnu.zip,true,Let's Encrypt,ğŸ‡©ğŸ‡ª
tw.artemislena.eu,https://tw.artemislena.eu,true,Let's Encrypt,ğŸ‡©ğŸ‡ª
nitter.private.coffee,https://nitter.private.coffee,true,Let's Encrypt,ğŸ‡¦ğŸ‡¹
nitter.simpleprivacy.fr,https://nitter.simpleprivacy.fr,true,Let's Encrypt,ğŸ‡«ğŸ‡·
nitter.kling.gg,https://nitter.kling.gg,true,Let's Encrypt,ğŸ‡³ğŸ‡±
nitter.qwik.space,https://nitter.qwik.space,true,Let's Encrypt,ğŸ‡¸ğŸ‡ª
nitter.soopy.moe,https://nitter.soopy.moe,true,Let's Encrypt,ğŸ‡­ğŸ‡°
nitter.caioalonso.com,https://nitter.caioalonso.com,false,Let's Encrypt,ğŸ‡ºğŸ‡¸
nitter.laserdisc.tokyo,https://nitter.laserdisc.tokyo,true,Let's Encrypt,ğŸ‡¸ğŸ‡ª
tweet.whateveritworks.org,https://tweet.whateveritworks.org,true,Let's Encrypt + Cloudflare,ğŸ‡©ğŸ‡ª
jote.lile.cl,https://jote.lile.cl,true,Cloudflare,ğŸ‡¨ğŸ‡±
nitter.nixnet.services,https://nitter:nitter@nitter.nixnet.services,true,Let's Encrypt,ğŸ‡©ğŸ‡ª
bird.trom.tf,https://bird.trom.tf,false,Let's Encrypt,ğŸ‡©ğŸ‡ª
nitter.at,https://nitter.at,true,Let's Encrypt,ğŸ‡©ğŸ‡ª
nitter.no-logs.com,https://nitter.no-logs.com,true,Let's Encrypt,ğŸ‡¸ğŸ‡ª
nitter.it,https://nitter.it,true,Let's Encrypt,ğŸ‡«ğŸ‡®
canada.unofficialbird.com,https://canada.unofficialbird.com,true,Let's Encrypt,ğŸ‡¨ğŸ‡¦
nitter.lacontrevoie.fr,https://nitter.lacontrevoie.fr,true,Let's Encrypt,ğŸ‡«ğŸ‡·
nitter.moomoo.me,https://nitter.moomoo.me,true,Let's Encrypt,ğŸ‡ºğŸ‡¸
nitter.projectsegfau.lt,https://nitter.projectsegfau.lt,true,Let's Encrypt,GeoDNS
nitter.oksocial.net,https://nitter.oksocial.net,true,Let's Encrypt,ğŸ‡ºğŸ‡¸
nitter.catsarch.com,https://nitter.catsarch.com,true,Let's Encrypt,ğŸ‡ºğŸ‡¸
nitter.datura.network,https://nitter.datura.network,true,Let's Encrypt,ğŸ‡©ğŸ‡ª
nitter.d420.de,https://nitter.d420.de,true,Cloudflare,ğŸ‡©ğŸ‡ª
nitter.lunar.icu,https://nitter.lunar.icu,true,Cloudflare,ğŸ‡©ğŸ‡ª
nitter.nohost.network,https://nitter.nohost.network,true,Let's Encrypt,ğŸ‡²ğŸ‡½
